Archive member included to satisfy reference by file (symbol)

d:/stm32cubetoolchains/arm-gnu-toolchain-12.2.rel1-mingw-w64-i686-arm-none-eabi/bin/../lib/gcc/arm-none-eabi/12.2.1/thumb/v7-m/nofp\libg.a(libc_a-exit.o)
                              d:/stm32cubetoolchains/arm-gnu-toolchain-12.2.rel1-mingw-w64-i686-arm-none-eabi/bin/../lib/gcc/arm-none-eabi/12.2.1/thumb/v7-m/nofp/crt0.o (exit)
d:/stm32cubetoolchains/arm-gnu-toolchain-12.2.rel1-mingw-w64-i686-arm-none-eabi/bin/../lib/gcc/arm-none-eabi/12.2.1/thumb/v7-m/nofp\libg.a(libc_a-findfp.o)
                              d:/stm32cubetoolchains/arm-gnu-toolchain-12.2.rel1-mingw-w64-i686-arm-none-eabi/bin/../lib/gcc/arm-none-eabi/12.2.1/thumb/v7-m/nofp\libg.a(libc_a-exit.o) (__stdio_exit_handler)
d:/stm32cubetoolchains/arm-gnu-toolchain-12.2.rel1-mingw-w64-i686-arm-none-eabi/bin/../lib/gcc/arm-none-eabi/12.2.1/thumb/v7-m/nofp\libg.a(libc_a-fwalk.o)
                              d:/stm32cubetoolchains/arm-gnu-toolchain-12.2.rel1-mingw-w64-i686-arm-none-eabi/bin/../lib/gcc/arm-none-eabi/12.2.1/thumb/v7-m/nofp\libg.a(libc_a-findfp.o) (_fwalk_sglue)
d:/stm32cubetoolchains/arm-gnu-toolchain-12.2.rel1-mingw-w64-i686-arm-none-eabi/bin/../lib/gcc/arm-none-eabi/12.2.1/thumb/v7-m/nofp\libg.a(libc_a-stdio.o)
                              d:/stm32cubetoolchains/arm-gnu-toolchain-12.2.rel1-mingw-w64-i686-arm-none-eabi/bin/../lib/gcc/arm-none-eabi/12.2.1/thumb/v7-m/nofp\libg.a(libc_a-findfp.o) (__sread)
d:/stm32cubetoolchains/arm-gnu-toolchain-12.2.rel1-mingw-w64-i686-arm-none-eabi/bin/../lib/gcc/arm-none-eabi/12.2.1/thumb/v7-m/nofp\libg.a(libc_a-memset.o)
                              d:/stm32cubetoolchains/arm-gnu-toolchain-12.2.rel1-mingw-w64-i686-arm-none-eabi/bin/../lib/gcc/arm-none-eabi/12.2.1/thumb/v7-m/nofp/crt0.o (memset)
d:/stm32cubetoolchains/arm-gnu-toolchain-12.2.rel1-mingw-w64-i686-arm-none-eabi/bin/../lib/gcc/arm-none-eabi/12.2.1/thumb/v7-m/nofp\libg.a(libc_a-closer.o)
                              d:/stm32cubetoolchains/arm-gnu-toolchain-12.2.rel1-mingw-w64-i686-arm-none-eabi/bin/../lib/gcc/arm-none-eabi/12.2.1/thumb/v7-m/nofp\libg.a(libc_a-stdio.o) (_close_r)
d:/stm32cubetoolchains/arm-gnu-toolchain-12.2.rel1-mingw-w64-i686-arm-none-eabi/bin/../lib/gcc/arm-none-eabi/12.2.1/thumb/v7-m/nofp\libg.a(libc_a-reent.o)
                              d:/stm32cubetoolchains/arm-gnu-toolchain-12.2.rel1-mingw-w64-i686-arm-none-eabi/bin/../lib/gcc/arm-none-eabi/12.2.1/thumb/v7-m/nofp\libg.a(libc_a-closer.o) (errno)
d:/stm32cubetoolchains/arm-gnu-toolchain-12.2.rel1-mingw-w64-i686-arm-none-eabi/bin/../lib/gcc/arm-none-eabi/12.2.1/thumb/v7-m/nofp\libg.a(libc_a-impure.o)
                              d:/stm32cubetoolchains/arm-gnu-toolchain-12.2.rel1-mingw-w64-i686-arm-none-eabi/bin/../lib/gcc/arm-none-eabi/12.2.1/thumb/v7-m/nofp\libg.a(libc_a-reent.o) (_impure_ptr)
d:/stm32cubetoolchains/arm-gnu-toolchain-12.2.rel1-mingw-w64-i686-arm-none-eabi/bin/../lib/gcc/arm-none-eabi/12.2.1/thumb/v7-m/nofp\libg.a(libc_a-lseekr.o)
                              d:/stm32cubetoolchains/arm-gnu-toolchain-12.2.rel1-mingw-w64-i686-arm-none-eabi/bin/../lib/gcc/arm-none-eabi/12.2.1/thumb/v7-m/nofp\libg.a(libc_a-stdio.o) (_lseek_r)
d:/stm32cubetoolchains/arm-gnu-toolchain-12.2.rel1-mingw-w64-i686-arm-none-eabi/bin/../lib/gcc/arm-none-eabi/12.2.1/thumb/v7-m/nofp\libg.a(libc_a-readr.o)
                              d:/stm32cubetoolchains/arm-gnu-toolchain-12.2.rel1-mingw-w64-i686-arm-none-eabi/bin/../lib/gcc/arm-none-eabi/12.2.1/thumb/v7-m/nofp\libg.a(libc_a-stdio.o) (_read_r)
d:/stm32cubetoolchains/arm-gnu-toolchain-12.2.rel1-mingw-w64-i686-arm-none-eabi/bin/../lib/gcc/arm-none-eabi/12.2.1/thumb/v7-m/nofp\libg.a(libc_a-writer.o)
                              d:/stm32cubetoolchains/arm-gnu-toolchain-12.2.rel1-mingw-w64-i686-arm-none-eabi/bin/../lib/gcc/arm-none-eabi/12.2.1/thumb/v7-m/nofp\libg.a(libc_a-stdio.o) (_write_r)
d:/stm32cubetoolchains/arm-gnu-toolchain-12.2.rel1-mingw-w64-i686-arm-none-eabi/bin/../lib/gcc/arm-none-eabi/12.2.1/thumb/v7-m/nofp\libg.a(libc_a-errno.o)
                              CMakeFiles/astra.elf.dir/Core/Src/syscalls.c.obj (__errno)
d:/stm32cubetoolchains/arm-gnu-toolchain-12.2.rel1-mingw-w64-i686-arm-none-eabi/bin/../lib/gcc/arm-none-eabi/12.2.1/thumb/v7-m/nofp\libg.a(libc_a-init.o)
                              d:/stm32cubetoolchains/arm-gnu-toolchain-12.2.rel1-mingw-w64-i686-arm-none-eabi/bin/../lib/gcc/arm-none-eabi/12.2.1/thumb/v7-m/nofp/crt0.o (__libc_init_array)
d:/stm32cubetoolchains/arm-gnu-toolchain-12.2.rel1-mingw-w64-i686-arm-none-eabi/bin/../lib/gcc/arm-none-eabi/12.2.1/thumb/v7-m/nofp\libg.a(libc_a-lock.o)
                              d:/stm32cubetoolchains/arm-gnu-toolchain-12.2.rel1-mingw-w64-i686-arm-none-eabi/bin/../lib/gcc/arm-none-eabi/12.2.1/thumb/v7-m/nofp\libg.a(libc_a-findfp.o) (__retarget_lock_init_recursive)
[...]
Memory Configuration

Name             Origin             Length             Attributes
RAM              0x20000000         0x00005000         xrw
FLASH            0x08000000         0x00020000         xr
*default*        0x00000000         0xffffffff

Linker script and memory map

LOAD d:/stm32cubetoolchains/arm-gnu-toolchain-12.2.rel1-mingw-w64-i686-arm-none-eabi/bin/../lib/gcc/arm-none-eabi/12.2.1/thumb/v7-m/nofp/crti.o
LOAD d:/stm32cubetoolchains/arm-gnu-toolchain-12.2.rel1-mingw-w64-i686-arm-none-eabi/bin/../lib/gcc/arm-none-eabi/12.2.1/thumb/v7-m/nofp/crtbegin.o
LOAD d:/stm32cubetoolchains/arm-gnu-toolchain-12.2.rel1-mingw-w64-i686-arm-none-eabi/bin/../lib/gcc/arm-none-eabi/12.2.1/thumb/v7-m/nofp/crt0.o
LOAD CMakeFiles/astra.elf.dir/Core/Src/astra_.cpp.obj
LOAD CMakeFiles/astra.elf.dir/Core/Src/dma.c.obj
LOAD CMakeFiles/astra.elf.dir/Core/Src/gpio.c.obj
LOAD CMakeFiles/astra.elf.dir/Core/Src/main.c.obj
LOAD CMakeFiles/astra.elf.dir/Core/Src/spi.c.obj
LOAD CMakeFiles/astra.elf.dir/Core/Src/stm32f1xx_hal_msp.c.obj
LOAD CMakeFiles/astra.elf.dir/Core/Src/stm32f1xx_it.c.obj
LOAD CMakeFiles/astra.elf.dir/Core/Src/syscalls.c.obj
LOAD CMakeFiles/astra.elf.dir/Core/Src/system_stm32f1xx.c.obj
LOAD CMakeFiles/astra.elf.dir/Drivers/STM32F1xx_HAL_Driver/Src/stm32f1xx_hal.c.obj
LOAD CMakeFiles/astra.elf.dir/Drivers/STM32F1xx_HAL_Driver/Src/stm32f1xx_hal_cortex.c.obj
LOAD CMakeFiles/astra.elf.dir/Drivers/STM32F1xx_HAL_Driver/Src/stm32f1xx_hal_dma.c.obj
LOAD CMakeFiles/astra.elf.dir/Drivers/STM32F1xx_HAL_Driver/Src/stm32f1xx_hal_exti.c.obj
LOAD CMakeFiles/astra.elf.dir/Drivers/STM32F1xx_HAL_Driver/Src/stm32f1xx_hal_flash.c.obj
LOAD CMakeFiles/astra.elf.dir/Drivers/STM32F1xx_HAL_Driver/Src/stm32f1xx_hal_flash_ex.c.obj
LOAD CMakeFiles/astra.elf.dir/Drivers/STM32F1xx_HAL_Driver/Src/stm32f1xx_hal_gpio.c.obj
LOAD CMakeFiles/astra.elf.dir/Drivers/STM32F1xx_HAL_Driver/Src/stm32f1xx_hal_gpio_ex.c.obj
LOAD CMakeFiles/astra.elf.dir/Drivers/STM32F1xx_HAL_Driver/Src/stm32f1xx_hal_pwr.c.obj
LOAD CMakeFiles/astra.elf.dir/Drivers/STM32F1xx_HAL_Driver/Src/stm32f1xx_hal_rcc.c.obj
LOAD CMakeFiles/astra.elf.dir/Drivers/STM32F1xx_HAL_Driver/Src/stm32f1xx_hal_rcc_ex.c.obj
LOAD CMakeFiles/astra.elf.dir/Drivers/STM32F1xx_HAL_Driver/Src/stm32f1xx_hal_spi.c.obj
LOAD CMakeFiles/astra.elf.dir/Drivers/STM32F1xx_HAL_Driver/Src/stm32f1xx_hal_tim.c.obj
LOAD CMakeFiles/astra.elf.dir/Drivers/STM32F1xx_HAL_Driver/Src/stm32f1xx_hal_tim_ex.c.obj
LOAD CMakeFiles/astra.elf.dir/startup/startup_stm32f103xb.s.obj
LOAD d:/stm32cubetoolchains/arm-gnu-toolchain-12.2.rel1-mingw-w64-i686-arm-none-eabi/bin/../lib/gcc/arm-none-eabi/12.2.1/thumb/v7-m/nofp\libstdc++.a
LOAD d:/stm32cubetoolchains/arm-gnu-toolchain-12.2.rel1-mingw-w64-i686-arm-none-eabi/bin/../lib/gcc/arm-none-eabi/12.2.1/thumb/v7-m/nofp\libm.a
START GROUP
LOAD d:/stm32cubetoolchains/arm-gnu-toolchain-12.2.rel1-mingw-w64-i686-arm-none-eabi/bin/../lib/gcc/arm-none-eabi/12.2.1/thumb/v7-m/nofp\libgcc.a
LOAD d:/stm32cubetoolchains/arm-gnu-toolchain-12.2.rel1-mingw-w64-i686-arm-none-eabi/bin/../lib/gcc/arm-none-eabi/12.2.1/thumb/v7-m/nofp\libg.a
LOAD d:/stm32cubetoolchains/arm-gnu-toolchain-12.2.rel1-mingw-w64-i686-arm-none-eabi/bin/../lib/gcc/arm-none-eabi/12.2.1/thumb/v7-m/nofp\libc.a
END GROUP
LOAD d:/stm32cubetoolchains/arm-gnu-toolchain-12.2.rel1-mingw-w64-i686-arm-none-eabi/bin/../lib/gcc/arm-none-eabi/12.2.1/thumb/v7-m/nofp/crtend.o
LOAD d:/stm32cubetoolchains/arm-gnu-toolchain-12.2.rel1-mingw-w64-i686-arm-none-eabi/bin/../lib/gcc/arm-none-eabi/12.2.1/thumb/v7-m/nofp/crtn.o
                0x20005000                _estack = 0x20005000
                0x00000200                _Min_Heap_Size = 0x200
                0x00000400                _Min_Stack_Size = 0x400

.isr_vector     0x08000000      0x10c
                0x08000000                . = ALIGN (0x4)
 *(.isr_vector)
 .isr_vector    0x08000000      0x10c CMakeFiles/astra.elf.dir/startup/startup_stm32f103xb.s.obj
                0x08000000                g_pfnVectors
                0x0800010c                . = ALIGN (0x4)

.text           0x0800010c     0x1334
                0x0800010c                . = ALIGN (0x4)
 *(.text)
 *(.text*)
 .text.deregister_tm_clones
                0x0800010c       0x1c d:/stm32cubetoolchains/arm-gnu-toolchain-12.2.rel1-mingw-w64-i686-arm-none-eabi/bin/../lib/gcc/arm-none-eabi/12.2.1/thumb/v7-m/nofp/crtbegin.o
 .text.register_tm_clones
                0x08000128       0x24 d:/stm32cubetoolchains/arm-gnu-toolchain-12.2.rel1-mingw-w64-i686-arm-none-eabi/bin/../lib/gcc/arm-none-eabi/12.2.1/thumb/v7-m/nofp/crtbegin.o
 .text.__do_global_dtors_aux
                0x0800014c       0x28 d:/stm32cubetoolchains/arm-gnu-toolchain-12.2.rel1-mingw-w64-i686-arm-none-eabi/bin/../lib/gcc/arm-none-eabi/12.2.1/thumb/v7-m/nofp/crtbegin.o
 .text.frame_dummy
                0x08000174       0x24 d:/stm32cubetoolchains/arm-gnu-toolchain-12.2.rel1-mingw-w64-i686-arm-none-eabi/bin/../lib/gcc/arm-none-eabi/12.2.1/thumb/v7-m/nofp/crtbegin.o
 .text.MX_DMA_Init
                0x08000198       0x34 CMakeFiles/astra.elf.dir/Core/Src/dma.c.obj
                0x08000198                MX_DMA_Init
 .text.MX_GPIO_Init
                0x080001cc       0xa4 CMakeFiles/astra.elf.dir/Core/Src/gpio.c.obj
                0x080001cc                MX_GPIO_Init
 .text.Error_Handler
                0x08000270        0x4 CMakeFiles/astra.elf.dir/Core/Src/main.c.obj
                0x08000270                Error_Handler
 .text.SystemClock_Config
                0x08000274       0x64 CMakeFiles/astra.elf.dir/Core/Src/main.c.obj
                0x08000274                SystemClock_Config
 .text.main     0x080002d8       0x18 CMakeFiles/astra.elf.dir/Core/Src/main.c.obj
                0x080002d8                main
 .text.MX_SPI2_Init
                0x080002f0       0x44 CMakeFiles/astra.elf.dir/Core/Src/spi.c.obj
                0x080002f0                MX_SPI2_Init
 .text.HAL_SPI_MspInit
                0x08000334       0xa8 CMakeFiles/astra.elf.dir/Core/Src/spi.c.obj
                0x08000334                HAL_SPI_MspInit
 .text.HAL_MspInit
                0x080003dc       0x44 CMakeFiles/astra.elf.dir/Core/Src/stm32f1xx_hal_msp.c.obj
                0x080003dc                HAL_MspInit
 .text.NMI_Handler
                0x08000420        0x2 CMakeFiles/astra.elf.dir/Core/Src/stm32f1xx_it.c.obj
                0x08000420                NMI_Handler
 .text.HardFault_Handler
                0x08000422        0x2 CMakeFiles/astra.elf.dir/Core/Src/stm32f1xx_it.c.obj
                0x08000422                HardFault_Handler
 .text.MemManage_Handler
                0x08000424        0x2 CMakeFiles/astra.elf.dir/Core/Src/stm32f1xx_it.c.obj
                0x08000424                MemManage_Handler
 .text.BusFault_Handler
                0x08000426        0x2 CMakeFiles/astra.elf.dir/Core/Src/stm32f1xx_it.c.obj
                0x08000426                BusFault_Handler
 .text.UsageFault_Handler
                0x08000428        0x2 CMakeFiles/astra.elf.dir/Core/Src/stm32f1xx_it.c.obj
                0x08000428                UsageFault_Handler
 .text.SVC_Handler
                0x0800042a        0x2 CMakeFiles/astra.elf.dir/Core/Src/stm32f1xx_it.c.obj
                0x0800042a                SVC_Handler
 .text.DebugMon_Handler
                0x0800042c        0x2 CMakeFiles/astra.elf.dir/Core/Src/stm32f1xx_it.c.obj
                0x0800042c                DebugMon_Handler
 .text.PendSV_Handler
                0x0800042e        0x2 CMakeFiles/astra.elf.dir/Core/Src/stm32f1xx_it.c.obj
                0x0800042e                PendSV_Handler
 .text.SysTick_Handler
                0x08000430        0x8 CMakeFiles/astra.elf.dir/Core/Src/stm32f1xx_it.c.obj
                0x08000430                SysTick_Handler
 .text.DMA1_Channel5_IRQHandler
                0x08000438       0x10 CMakeFiles/astra.elf.dir/Core/Src/stm32f1xx_it.c.obj
                0x08000438                DMA1_Channel5_IRQHandler
 .text.SPI2_IRQHandler
                0x08000448       0x10 CMakeFiles/astra.elf.dir/Core/Src/stm32f1xx_it.c.obj
                0x08000448                SPI2_IRQHandler
 .text.SystemInit
                0x08000458        0x2 CMakeFiles/astra.elf.dir/Core/Src/system_stm32f1xx.c.obj
                0x08000458                SystemInit
 *fill*         0x0800045a        0x2 
 .text.HAL_InitTick
                0x0800045c       0x4c CMakeFiles/astra.elf.dir/Drivers/STM32F1xx_HAL_Driver/Src/stm32f1xx_hal.c.obj
                0x0800045c                HAL_InitTick
 .text.HAL_Init
                0x080004a8       0x24 CMakeFiles/astra.elf.dir/Drivers/STM32F1xx_HAL_Driver/Src/stm32f1xx_hal.c.obj
                0x080004a8                HAL_Init
 .text.HAL_IncTick
                0x080004cc       0x18 CMakeFiles/astra.elf.dir/Drivers/STM32F1xx_HAL_Driver/Src/stm32f1xx_hal.c.obj
                0x080004cc                HAL_IncTick
 .text.HAL_GetTick
                0x080004e4        0xc CMakeFiles/astra.elf.dir/Drivers/STM32F1xx_HAL_Driver/Src/stm32f1xx_hal.c.obj
                0x080004e4                HAL_GetTick
 .text.__NVIC_SetPriority
                0x080004f0       0x28 CMakeFiles/astra.elf.dir/Drivers/STM32F1xx_HAL_Driver/Src/stm32f1xx_hal_cortex.c.obj
 .text.NVIC_EncodePriority
                0x08000518       0x3e CMakeFiles/astra.elf.dir/Drivers/STM32F1xx_HAL_Driver/Src/stm32f1xx_hal_cortex.c.obj
 *fill*         0x08000556        0x2 
 .text.HAL_NVIC_SetPriorityGrouping
                0x08000558       0x24 CMakeFiles/astra.elf.dir/Drivers/STM32F1xx_HAL_Driver/Src/stm32f1xx_hal_cortex.c.obj
                0x08000558                HAL_NVIC_SetPriorityGrouping
 .text.HAL_NVIC_SetPriority
                0x0800057c       0x20 CMakeFiles/astra.elf.dir/Drivers/STM32F1xx_HAL_Driver/Src/stm32f1xx_hal_cortex.c.obj
                0x0800057c                HAL_NVIC_SetPriority
 .text.HAL_NVIC_EnableIRQ
                0x0800059c       0x1c CMakeFiles/astra.elf.dir/Drivers/STM32F1xx_HAL_Driver/Src/stm32f1xx_hal_cortex.c.obj
                0x0800059c                HAL_NVIC_EnableIRQ
 .text.HAL_SYSTICK_Config
                0x080005b8       0x28 CMakeFiles/astra.elf.dir/Drivers/STM32F1xx_HAL_Driver/Src/stm32f1xx_hal_cortex.c.obj
                0x080005b8                HAL_SYSTICK_Config
 .text.HAL_DMA_Init
                0x080005e0       0x6c CMakeFiles/astra.elf.dir/Drivers/STM32F1xx_HAL_Driver/Src/stm32f1xx_hal_dma.c.obj
                0x080005e0                HAL_DMA_Init
 .text.HAL_DMA_Abort_IT
                0x0800064c       0x98 CMakeFiles/astra.elf.dir/Drivers/STM32F1xx_HAL_Driver/Src/stm32f1xx_hal_dma.c.obj
                0x0800064c                HAL_DMA_Abort_IT
 .text.HAL_DMA_IRQHandler
                0x080006e4      0x144 CMakeFiles/astra.elf.dir/Drivers/STM32F1xx_HAL_Driver/Src/stm32f1xx_hal_dma.c.obj
                0x080006e4                HAL_DMA_IRQHandler
 .text.HAL_GPIO_Init
                0x08000828      0x21c CMakeFiles/astra.elf.dir/Drivers/STM32F1xx_HAL_Driver/Src/stm32f1xx_hal_gpio.c.obj
                0x08000828                HAL_GPIO_Init
 .text.HAL_GPIO_WritePin
                0x08000a44        0xc CMakeFiles/astra.elf.dir/Drivers/STM32F1xx_HAL_Driver/Src/stm32f1xx_hal_gpio.c.obj
                0x08000a44                HAL_GPIO_WritePin
 .text.RCC_Delay
                0x08000a50       0x2c CMakeFiles/astra.elf.dir/Drivers/STM32F1xx_HAL_Driver/Src/stm32f1xx_hal_rcc.c.obj
 .text.HAL_RCC_OscConfig
                0x08000a7c      0x410 CMakeFiles/astra.elf.dir/Drivers/STM32F1xx_HAL_Driver/Src/stm32f1xx_hal_rcc.c.obj
                0x08000a7c                HAL_RCC_OscConfig
 .text.HAL_RCC_GetSysClockFreq
                0x08000e8c       0x54 CMakeFiles/astra.elf.dir/Drivers/STM32F1xx_HAL_Driver/Src/stm32f1xx_hal_rcc.c.obj
                0x08000e8c                HAL_RCC_GetSysClockFreq
 .text.HAL_RCC_ClockConfig
                0x08000ee0      0x16c CMakeFiles/astra.elf.dir/Drivers/STM32F1xx_HAL_Driver/Src/stm32f1xx_hal_rcc.c.obj
                0x08000ee0                HAL_RCC_ClockConfig
 .text.HAL_SPI_Init
                0x0800104c       0xb6 CMakeFiles/astra.elf.dir/Drivers/STM32F1xx_HAL_Driver/Src/stm32f1xx_hal_spi.c.obj
                0x0800104c                HAL_SPI_Init
 .text.HAL_SPI_ErrorCallback
                0x08001102        0x2 CMakeFiles/astra.elf.dir/Drivers/STM32F1xx_HAL_Driver/Src/stm32f1xx_hal_spi.c.obj
                0x08001102                HAL_SPI_ErrorCallback
 .text.HAL_SPI_IRQHandler
                0x08001104      0x100 CMakeFiles/astra.elf.dir/Drivers/STM32F1xx_HAL_Driver/Src/stm32f1xx_hal_spi.c.obj
                0x08001104                HAL_SPI_IRQHandler
 .text.SPI_DMAAbortOnError
                0x08001204       0x10 CMakeFiles/astra.elf.dir/Drivers/STM32F1xx_HAL_Driver/Src/stm32f1xx_hal_spi.c.obj
 .text.Reset_Handler
                0x08001214       0x48 CMakeFiles/astra.elf.dir/startup/startup_stm32f103xb.s.obj
                0x08001214                Reset_Handler
 .text.Default_Handler
                0x0800125c        0x2 CMakeFiles/astra.elf.dir/startup/startup_stm32f103xb.s.obj
                0x0800125c                RTC_Alarm_IRQHandler
                0x0800125c                EXTI2_IRQHandler
                0x0800125c                TIM1_CC_IRQHandler
                0x0800125c                PVD_IRQHandler
                0x0800125c                EXTI3_IRQHandler
                0x0800125c                EXTI0_IRQHandler
                0x0800125c                I2C2_EV_IRQHandler
                0x0800125c                ADC1_2_IRQHandler
                0x0800125c                SPI1_IRQHandler
                0x0800125c                TAMPER_IRQHandler
                0x0800125c                DMA1_Channel4_IRQHandler
                0x0800125c                USART3_IRQHandler
                0x0800125c                RTC_IRQHandler
                0x0800125c                DMA1_Channel7_IRQHandler
                0x0800125c                CAN1_RX1_IRQHandler
                0x0800125c                TIM4_IRQHandler
                0x0800125c                I2C1_EV_IRQHandler
                0x0800125c                DMA1_Channel6_IRQHandler
                0x0800125c                TIM3_IRQHandler
                0x0800125c                RCC_IRQHandler
                0x0800125c                TIM1_TRG_COM_IRQHandler
                0x0800125c                DMA1_Channel1_IRQHandler
                0x0800125c                Default_Handler
                0x0800125c                EXTI15_10_IRQHandler
                0x0800125c                EXTI9_5_IRQHandler
                0x0800125c                EXTI4_IRQHandler
                0x0800125c                USB_LP_CAN1_RX0_IRQHandler
                0x0800125c                USB_HP_CAN1_TX_IRQHandler
                0x0800125c                DMA1_Channel3_IRQHandler
                0x0800125c                TIM1_UP_IRQHandler
                0x0800125c                WWDG_IRQHandler
                0x0800125c                TIM2_IRQHandler
                0x0800125c                TIM1_BRK_IRQHandler
                0x0800125c                EXTI1_IRQHandler
                0x0800125c                USART2_IRQHandler
                0x0800125c                I2C2_ER_IRQHandler
                0x0800125c                DMA1_Channel2_IRQHandler
                0x0800125c                CAN1_SCE_IRQHandler
                0x0800125c                FLASH_IRQHandler
                0x0800125c                USART1_IRQHandler
                0x0800125c                I2C1_ER_IRQHandler
                0x0800125c                USBWakeUp_IRQHandler
 *fill*         0x0800125e        0x2 
 .text.memset   0x08001260       0xa0 d:/stm32cubetoolchains/arm-gnu-toolchain-12.2.rel1-mingw-w64-i686-arm-none-eabi/bin/../lib/gcc/arm-none-eabi/12.2.1/thumb/v7-m/nofp\libg.a(libc_a-memset.o)
                0x08001260                memset
 .text.__libc_init_array
                0x08001300       0x50 d:/stm32cubetoolchains/arm-gnu-toolchain-12.2.rel1-mingw-w64-i686-arm-none-eabi/bin/../lib/gcc/arm-none-eabi/12.2.1/thumb/v7-m/nofp\libg.a(libc_a-init.o)
                0x08001300                __libc_init_array
 .text.__retarget_lock_acquire_recursive
                0x08001350        0x4 d:/stm32cubetoolchains/arm-gnu-toolchain-12.2.rel1-mingw-w64-i686-arm-none-eabi/bin/../lib/gcc/arm-none-eabi/12.2.1/thumb/v7-m/nofp\libg.a(libc_a-lock.o)
                0x08001350                __retarget_lock_acquire_recursive
 .text.__retarget_lock_release_recursive
                0x08001354        0x4 d:/stm32cubetoolchains/arm-gnu-toolchain-12.2.rel1-mingw-w64-i686-arm-none-eabi/bin/../lib/gcc/arm-none-eabi/12.2.1/thumb/v7-m/nofp\libg.a(libc_a-lock.o)
                0x08001354                __retarget_lock_release_recursive
 .text.startup.register_fini
                0x08001358       0x14 d:/stm32cubetoolchains/arm-gnu-toolchain-12.2.rel1-mingw-w64-i686-arm-none-eabi/bin/../lib/gcc/arm-none-eabi/12.2.1/thumb/v7-m/nofp\libg.a(libc_a-__call_atexit.o)
 .text.atexit   0x0800136c        0xc d:/stm32cubetoolchains/arm-gnu-toolchain-12.2.rel1-mingw-w64-i686-arm-none-eabi/bin/../lib/gcc/arm-none-eabi/12.2.1/thumb/v7-m/nofp\libg.a(libc_a-atexit.o)
                0x0800136c                atexit
 .text.__libc_fini_array
                0x08001378       0x28 d:/stm32cubetoolchains/arm-gnu-toolchain-12.2.rel1-mingw-w64-i686-arm-none-eabi/bin/../lib/gcc/arm-none-eabi/12.2.1/thumb/v7-m/nofp\libg.a(libc_a-fini.o)
                0x08001378                __libc_fini_array
 .text.__register_exitproc
                0x080013a0       0x88 d:/stm32cubetoolchains/arm-gnu-toolchain-12.2.rel1-mingw-w64-i686-arm-none-eabi/bin/../lib/gcc/arm-none-eabi/12.2.1/thumb/v7-m/nofp\libg.a(libc_a-__atexit.o)
                0x080013a0                __register_exitproc
 *(.glue_7)
 .glue_7        0x08001428        0x0 linker stubs
 *(.glue_7t)
 .glue_7t       0x08001428        0x0 linker stubs
 *(.eh_frame)
 .eh_frame      0x08001428        0x0 d:/stm32cubetoolchains/arm-gnu-toolchain-12.2.rel1-mingw-w64-i686-arm-none-eabi/bin/../lib/gcc/arm-none-eabi/12.2.1/thumb/v7-m/nofp/crtbegin.o
 *(.init)
 .init          0x08001428        0x4 d:/stm32cubetoolchains/arm-gnu-toolchain-12.2.rel1-mingw-w64-i686-arm-none-eabi/bin/../lib/gcc/arm-none-eabi/12.2.1/thumb/v7-m/nofp/crti.o
                0x08001428                _init
 .init          0x0800142c        0x8 d:/stm32cubetoolchains/arm-gnu-toolchain-12.2.rel1-mingw-w64-i686-arm-none-eabi/bin/../lib/gcc/arm-none-eabi/12.2.1/thumb/v7-m/nofp/crtn.o
 *(.fini)
 .fini          0x08001434        0x4 d:/stm32cubetoolchains/arm-gnu-toolchain-12.2.rel1-mingw-w64-i686-arm-none-eabi/bin/../lib/gcc/arm-none-eabi/12.2.1/thumb/v7-m/nofp/crti.o
                0x08001434                _fini
 .fini          0x08001438        0x8 d:/stm32cubetoolchains/arm-gnu-toolchain-12.2.rel1-mingw-w64-i686-arm-none-eabi/bin/../lib/gcc/arm-none-eabi/12.2.1/thumb/v7-m/nofp/crtn.o
                0x08001440                . = ALIGN (0x4)
                0x08001440                _etext = .

.vfp11_veneer   0x08001440        0x0
 .vfp11_veneer  0x08001440        0x0 linker stubs

.v4_bx          0x08001440        0x0
 .v4_bx         0x08001440        0x0 linker stubs

.iplt           0x08001440        0x0
 .iplt          0x08001440        0x0 d:/stm32cubetoolchains/arm-gnu-toolchain-12.2.rel1-mingw-w64-i686-arm-none-eabi/bin/../lib/gcc/arm-none-eabi/12.2.1/thumb/v7-m/nofp/crtbegin.o

.rodata         0x08001440       0x24
                0x08001440                . = ALIGN (0x4)
 *(.rodata)
 *(.rodata*)
 .rodata.AHBPrescTable
                0x08001440       0x10 CMakeFiles/astra.elf.dir/Core/Src/system_stm32f1xx.c.obj
                0x08001440                AHBPrescTable
 .rodata.aPredivFactorTable.0
                0x08001450        0x2 CMakeFiles/astra.elf.dir/Drivers/STM32F1xx_HAL_Driver/Src/stm32f1xx_hal_rcc.c.obj
 *fill*         0x08001452        0x2 
 .rodata.aPLLMULFactorTable.1
                0x08001454       0x10 CMakeFiles/astra.elf.dir/Drivers/STM32F1xx_HAL_Driver/Src/stm32f1xx_hal_rcc.c.obj
                0x08001464                . = ALIGN (0x4)

.rel.dyn        0x08001464        0x0
 .rel.iplt      0x08001464        0x0 d:/stm32cubetoolchains/arm-gnu-toolchain-12.2.rel1-mingw-w64-i686-arm-none-eabi/bin/../lib/gcc/arm-none-eabi/12.2.1/thumb/v7-m/nofp/crtbegin.o

.ARM.extab
 *(.ARM.extab* .gnu.linkonce.armextab.*)

.ARM            0x08001464        0x0
                0x08001464                __exidx_start = .
 *(.ARM.exidx*)
                0x08001464                __exidx_end = .

.preinit_array  0x08001464        0x0
                0x08001464                PROVIDE (__preinit_array_start = .)
 *(.preinit_array*)
                0x08001464                PROVIDE (__preinit_array_end = .)

.init_array     0x08001464        0x8
                0x08001464                PROVIDE (__init_array_start = .)
 *(SORT_BY_NAME(.init_array.*))
 .init_array.00000
                0x08001464        0x4 d:/stm32cubetoolchains/arm-gnu-toolchain-12.2.rel1-mingw-w64-i686-arm-none-eabi/bin/../lib/gcc/arm-none-eabi/12.2.1/thumb/v7-m/nofp\libg.a(libc_a-__call_atexit.o)
 *(.init_array*)
 .init_array    0x08001468        0x4 d:/stm32cubetoolchains/arm-gnu-toolchain-12.2.rel1-mingw-w64-i686-arm-none-eabi/bin/../lib/gcc/arm-none-eabi/12.2.1/thumb/v7-m/nofp/crtbegin.o
                0x0800146c                PROVIDE (__init_array_end = .)

.fini_array     0x0800146c        0x4
                0x0800146c                PROVIDE (__fini_array_start = .)
 *(SORT_BY_NAME(.fini_array.*))
 *(.fini_array*)
 .fini_array    0x0800146c        0x4 d:/stm32cubetoolchains/arm-gnu-toolchain-12.2.rel1-mingw-w64-i686-arm-none-eabi/bin/../lib/gcc/arm-none-eabi/12.2.1/thumb/v7-m/nofp/crtbegin.o
                0x08001470                PROVIDE (__fini_array_end = .)
                0x08001470                _sidata = LOADADDR (.data)

.data           0x20000000       0x10 load address 0x08001470
                0x20000000                . = ALIGN (0x4)
                0x20000000                _sdata = .
 *(.data)
 *(.data*)
 .data.SystemCoreClock
                0x20000000        0x4 CMakeFiles/astra.elf.dir/Core/Src/system_stm32f1xx.c.obj
                0x20000000                SystemCoreClock
 .data.uwTickFreq
                0x20000004        0x1 CMakeFiles/astra.elf.dir/Drivers/STM32F1xx_HAL_Driver/Src/stm32f1xx_hal.c.obj
                0x20000004                uwTickFreq
 *fill*         0x20000005        0x3 
 .data.uwTickPrio
                0x20000008        0x4 CMakeFiles/astra.elf.dir/Drivers/STM32F1xx_HAL_Driver/Src/stm32f1xx_hal.c.obj
                0x20000008                uwTickPrio
 .data.__atexit_recursive_mutex
                0x2000000c        0x4 d:/stm32cubetoolchains/arm-gnu-toolchain-12.2.rel1-mingw-w64-i686-arm-none-eabi/bin/../lib/gcc/arm-none-eabi/12.2.1/thumb/v7-m/nofp\libg.a(libc_a-__call_atexit.o)
                0x2000000c                __atexit_recursive_mutex
                0x20000010                . = ALIGN (0x4)
                0x20000010                _edata = .

.tm_clone_table
                0x20000010        0x0 load address 0x08001480
 .tm_clone_table
                0x20000010        0x0 d:/stm32cubetoolchains/arm-gnu-toolchain-12.2.rel1-mingw-w64-i686-arm-none-eabi/bin/../lib/gcc/arm-none-eabi/12.2.1/thumb/v7-m/nofp/crtbegin.o
 .tm_clone_table
                0x20000010        0x0 d:/stm32cubetoolchains/arm-gnu-toolchain-12.2.rel1-mingw-w64-i686-arm-none-eabi/bin/../lib/gcc/arm-none-eabi/12.2.1/thumb/v7-m/nofp/crtend.o

.igot.plt       0x20000010        0x0 load address 0x08001480
 .igot.plt      0x20000010        0x0 d:/stm32cubetoolchains/arm-gnu-toolchain-12.2.rel1-mingw-w64-i686-arm-none-eabi/bin/../lib/gcc/arm-none-eabi/12.2.1/thumb/v7-m/nofp/crtbegin.o
                0x20000010                . = ALIGN (0x4)

.bss            0x20000010      0x254 load address 0x08001480
                0x20000010                _sbss = .
                0x20000010                __bss_start__ = _sbss
 *(.bss)
 *(.bss*)
 .bss.completed.1
                0x20000010        0x1 d:/stm32cubetoolchains/arm-gnu-toolchain-12.2.rel1-mingw-w64-i686-arm-none-eabi/bin/../lib/gcc/arm-none-eabi/12.2.1/thumb/v7-m/nofp/crtbegin.o
 *fill*         0x20000011        0x3 
 .bss.object.0  0x20000014       0x18 d:/stm32cubetoolchains/arm-gnu-toolchain-12.2.rel1-mingw-w64-i686-arm-none-eabi/bin/../lib/gcc/arm-none-eabi/12.2.1/thumb/v7-m/nofp/crtbegin.o
 .bss.hdma_spi2_tx
                0x2000002c       0x44 CMakeFiles/astra.elf.dir/Core/Src/spi.c.obj
                0x2000002c                hdma_spi2_tx
 .bss.hspi2     0x20000070       0x58 CMakeFiles/astra.elf.dir/Core/Src/spi.c.obj
                0x20000070                hspi2
 .bss.uwTick    0x200000c8        0x4 CMakeFiles/astra.elf.dir/Drivers/STM32F1xx_HAL_Driver/Src/stm32f1xx_hal.c.obj
                0x200000c8                uwTick
 .bss.__lock___atexit_recursive_mutex
                0x200000cc        0x1 d:/stm32cubetoolchains/arm-gnu-toolchain-12.2.rel1-mingw-w64-i686-arm-none-eabi/bin/../lib/gcc/arm-none-eabi/12.2.1/thumb/v7-m/nofp\libg.a(libc_a-lock.o)
                0x200000cc                __lock___atexit_recursive_mutex
 *fill*         0x200000cd        0x3 
 .bss.__atexit  0x200000d0        0x4 d:/stm32cubetoolchains/arm-gnu-toolchain-12.2.rel1-mingw-w64-i686-arm-none-eabi/bin/../lib/gcc/arm-none-eabi/12.2.1/thumb/v7-m/nofp\libg.a(libc_a-__call_atexit.o)
                0x200000d0                __atexit
 .bss.__atexit0
                0x200000d4      0x190 d:/stm32cubetoolchains/arm-gnu-toolchain-12.2.rel1-mingw-w64-i686-arm-none-eabi/bin/../lib/gcc/arm-none-eabi/12.2.1/thumb/v7-m/nofp\libg.a(libc_a-__atexit.o)
                0x200000d4                __atexit0
 *(COMMON)
                0x20000264                . = ALIGN (0x4)
                0x20000264                _ebss = .
                0x20000264                __bss_end__ = _ebss

._user_heap_stack
                0x20000264      0x604 load address 0x08001480
                0x20000268                . = ALIGN (0x8)
 *fill*         0x20000264        0x4 
                0x20000268                PROVIDE (end = .)
                [!provide]                PROVIDE (_end = .)
                0x20000468                . = (. + _Min_Heap_Size)
 *fill*         0x20000268      0x200 
                0x20000868                . = (. + _Min_Stack_Size)
 *fill*         0x20000468      0x400 
                0x20000868                . = ALIGN (0x8)

/DISCARD/
 libc.a(*)
 libm.a(*)
 libgcc.a(*)

.ARM.attributes
                0x00000000       0x29
 *(.ARM.attributes)
 .ARM.attributes
                0x00000000       0x1d d:/stm32cubetoolchains/arm-gnu-toolchain-12.2.rel1-mingw-w64-i686-arm-none-eabi/bin/../lib/gcc/arm-none-eabi/12.2.1/thumb/v7-m/nofp/crti.o
 .ARM.attributes
                0x0000001d       0x2d d:/stm32cubetoolchains/arm-gnu-toolchain-12.2.rel1-mingw-w64-i686-arm-none-eabi/bin/../lib/gcc/arm-none-eabi/12.2.1/thumb/v7-m/nofp/crtbegin.o
 .ARM.attributes
                0x0000004a       0x2d CMakeFiles/astra.elf.dir/Core/Src/dma.c.obj
 .ARM.attributes
                0x00000077       0x2d CMakeFiles/astra.elf.dir/Core/Src/gpio.c.obj
 .ARM.attributes
                0x000000a4       0x2d CMakeFiles/astra.elf.dir/Core/Src/main.c.obj
 .ARM.attributes
                0x000000d1       0x2d CMakeFiles/astra.elf.dir/Core/Src/spi.c.obj
 .ARM.attributes
                0x000000fe       0x2d CMakeFiles/astra.elf.dir/Core/Src/stm32f1xx_hal_msp.c.obj
 .ARM.attributes
                0x0000012b       0x2d CMakeFiles/astra.elf.dir/Core/Src/stm32f1xx_it.c.obj
 .ARM.attributes
                0x00000158       0x2d CMakeFiles/astra.elf.dir/Core/Src/system_stm32f1xx.c.obj
 .ARM.attributes
                0x00000185       0x2d CMakeFiles/astra.elf.dir/Drivers/STM32F1xx_HAL_Driver/Src/stm32f1xx_hal.c.obj
 .ARM.attributes
                0x000001b2       0x2d CMakeFiles/astra.elf.dir/Drivers/STM32F1xx_HAL_Driver/Src/stm32f1xx_hal_cortex.c.obj
 .ARM.attributes
                0x000001df       0x2d CMakeFiles/astra.elf.dir/Drivers/STM32F1xx_HAL_Driver/Src/stm32f1xx_hal_dma.c.obj
 .ARM.attributes
                0x0000020c       0x2d CMakeFiles/astra.elf.dir/Drivers/STM32F1xx_HAL_Driver/Src/stm32f1xx_hal_gpio.c.obj
 .ARM.attributes
                0x00000239       0x2d CMakeFiles/astra.elf.dir/Drivers/STM32F1xx_HAL_Driver/Src/stm32f1xx_hal_rcc.c.obj
 .ARM.attributes
                0x00000266       0x2d CMakeFiles/astra.elf.dir/Drivers/STM32F1xx_HAL_Driver/Src/stm32f1xx_hal_spi.c.obj
 .ARM.attributes
                0x00000293       0x21 CMakeFiles/astra.elf.dir/startup/startup_stm32f103xb.s.obj
 .ARM.attributes
                0x000002b4       0x2d d:/stm32cubetoolchains/arm-gnu-toolchain-12.2.rel1-mingw-w64-i686-arm-none-eabi/bin/../lib/gcc/arm-none-eabi/12.2.1/thumb/v7-m/nofp\libg.a(libc_a-memset.o)
 .ARM.attributes
                0x000002e1       0x2d d:/stm32cubetoolchains/arm-gnu-toolchain-12.2.rel1-mingw-w64-i686-arm-none-eabi/bin/../lib/gcc/arm-none-eabi/12.2.1/thumb/v7-m/nofp\libg.a(libc_a-init.o)
 .ARM.attributes
                0x0000030e       0x2d d:/stm32cubetoolchains/arm-gnu-toolchain-12.2.rel1-mingw-w64-i686-arm-none-eabi/bin/../lib/gcc/arm-none-eabi/12.2.1/thumb/v7-m/nofp\libg.a(libc_a-lock.o)
 .ARM.attributes
                0x0000033b       0x2d d:/stm32cubetoolchains/arm-gnu-toolchain-12.2.rel1-mingw-w64-i686-arm-none-eabi/bin/../lib/gcc/arm-none-eabi/12.2.1/thumb/v7-m/nofp\libg.a(libc_a-__call_atexit.o)
 .ARM.attributes
                0x00000368       0x2d d:/stm32cubetoolchains/arm-gnu-toolchain-12.2.rel1-mingw-w64-i686-arm-none-eabi/bin/../lib/gcc/arm-none-eabi/12.2.1/thumb/v7-m/nofp\libg.a(libc_a-atexit.o)
 .ARM.attributes
                0x00000395       0x2d d:/stm32cubetoolchains/arm-gnu-toolchain-12.2.rel1-mingw-w64-i686-arm-none-eabi/bin/../lib/gcc/arm-none-eabi/12.2.1/thumb/v7-m/nofp\libg.a(libc_a-fini.o)
 .ARM.attributes
                0x000003c2       0x2d d:/stm32cubetoolchains/arm-gnu-toolchain-12.2.rel1-mingw-w64-i686-arm-none-eabi/bin/../lib/gcc/arm-none-eabi/12.2.1/thumb/v7-m/nofp\libg.a(libc_a-__atexit.o)
 .ARM.attributes
                0x000003ef       0x2d d:/stm32cubetoolchains/arm-gnu-toolchain-12.2.rel1-mingw-w64-i686-arm-none-eabi/bin/../lib/gcc/arm-none-eabi/12.2.1/thumb/v7-m/nofp/crtend.o
 .ARM.attributes
                0x0000041c       0x1d d:/stm32cubetoolchains/arm-gnu-toolchain-12.2.rel1-mingw-w64-i686-arm-none-eabi/bin/../lib/gcc/arm-none-eabi/12.2.1/thumb/v7-m/nofp/crtn.o
OUTPUT(astra.elf elf32-littlearm)
LOAD linker stubs
LOAD d:/stm32cubetoolchains/arm-gnu-toolchain-12.2.rel1-mingw-w64-i686-arm-none-eabi/bin/../lib/gcc/arm-none-eabi/12.2.1/thumb/v7-m/nofp\libc.a
LOAD d:/stm32cubetoolchains/arm-gnu-toolchain-12.2.rel1-mingw-w64-i686-arm-none-eabi/bin/../lib/gcc/arm-none-eabi/12.2.1/thumb/v7-m/nofp\libm.a
LOAD d:/stm32cubetoolchains/arm-gnu-toolchain-12.2.rel1-mingw-w64-i686-arm-none-eabi/bin/../lib/gcc/arm-none-eabi/12.2.1/thumb/v7-m/nofp\libgcc.a

.debug_info     0x00000000     0x66ae
 .debug_info    0x00000000      0x2fb CMakeFiles/astra.elf.dir/Core/Src/dma.c.obj
 .debug_info    0x000002fb      0x33e CMakeFiles/astra.elf.dir/Core/Src/gpio.c.obj
 .debug_info    0x00000639      0x330 CMakeFiles/astra.elf.dir/Core/Src/main.c.obj
 .debug_info    0x00000969      0xa52 CMakeFiles/astra.elf.dir/Core/Src/spi.c.obj
 .debug_info    0x000013bb      0x1f4 CMakeFiles/astra.elf.dir/Core/Src/stm32f1xx_hal_msp.c.obj
 .debug_info    0x000015af      0x658 CMakeFiles/astra.elf.dir/Core/Src/stm32f1xx_it.c.obj
 .debug_info    0x00001c07      0x22d CMakeFiles/astra.elf.dir/Core/Src/system_stm32f1xx.c.obj
 .debug_info    0x00001e34      0x7a2 CMakeFiles/astra.elf.dir/Drivers/STM32F1xx_HAL_Driver/Src/stm32f1xx_hal.c.obj
 .debug_info    0x000025d6      0xcad CMakeFiles/astra.elf.dir/Drivers/STM32F1xx_HAL_Driver/Src/stm32f1xx_hal_cortex.c.obj
 .debug_info    0x00003283      0x7da CMakeFiles/astra.elf.dir/Drivers/STM32F1xx_HAL_Driver/Src/stm32f1xx_hal_dma.c.obj
 .debug_info    0x00003a5d      0x604 CMakeFiles/astra.elf.dir/Drivers/STM32F1xx_HAL_Driver/Src/stm32f1xx_hal_gpio.c.obj
 .debug_info    0x00004061      0x9c7 CMakeFiles/astra.elf.dir/Drivers/STM32F1xx_HAL_Driver/Src/stm32f1xx_hal_rcc.c.obj
 .debug_info    0x00004a28     0x1c58 CMakeFiles/astra.elf.dir/Drivers/STM32F1xx_HAL_Driver/Src/stm32f1xx_hal_spi.c.obj
 .debug_info    0x00006680       0x2e CMakeFiles/astra.elf.dir/startup/startup_stm32f103xb.s.obj

.debug_abbrev   0x00000000     0x18f0
 .debug_abbrev  0x00000000      0x119 CMakeFiles/astra.elf.dir/Core/Src/dma.c.obj
 .debug_abbrev  0x00000119      0x151 CMakeFiles/astra.elf.dir/Core/Src/gpio.c.obj
 .debug_abbrev  0x0000026a      0x18c CMakeFiles/astra.elf.dir/Core/Src/main.c.obj
 .debug_abbrev  0x000003f6      0x231 CMakeFiles/astra.elf.dir/Core/Src/spi.c.obj
 .debug_abbrev  0x00000627       0xed CMakeFiles/astra.elf.dir/Core/Src/stm32f1xx_hal_msp.c.obj
 .debug_abbrev  0x00000714      0x18b CMakeFiles/astra.elf.dir/Core/Src/stm32f1xx_it.c.obj
 .debug_abbrev  0x0000089f      0x143 CMakeFiles/astra.elf.dir/Core/Src/system_stm32f1xx.c.obj
 .debug_abbrev  0x000009e2      0x22d CMakeFiles/astra.elf.dir/Drivers/STM32F1xx_HAL_Driver/Src/stm32f1xx_hal.c.obj
 .debug_abbrev  0x00000c0f      0x36d CMakeFiles/astra.elf.dir/Drivers/STM32F1xx_HAL_Driver/Src/stm32f1xx_hal_cortex.c.obj
 .debug_abbrev  0x00000f7c      0x244 CMakeFiles/astra.elf.dir/Drivers/STM32F1xx_HAL_Driver/Src/stm32f1xx_hal_dma.c.obj
 .debug_abbrev  0x000011c0      0x1f7 CMakeFiles/astra.elf.dir/Drivers/STM32F1xx_HAL_Driver/Src/stm32f1xx_hal_gpio.c.obj
 .debug_abbrev  0x000013b7      0x2a0 CMakeFiles/astra.elf.dir/Drivers/STM32F1xx_HAL_Driver/Src/stm32f1xx_hal_rcc.c.obj
 .debug_abbrev  0x00001657      0x27c CMakeFiles/astra.elf.dir/Drivers/STM32F1xx_HAL_Driver/Src/stm32f1xx_hal_spi.c.obj
 .debug_abbrev  0x000018d3       0x1d CMakeFiles/astra.elf.dir/startup/startup_stm32f103xb.s.obj

.debug_aranges  0x00000000      0x658
 .debug_aranges
                0x00000000       0x20 CMakeFiles/astra.elf.dir/Core/Src/dma.c.obj
 .debug_aranges
                0x00000020       0x20 CMakeFiles/astra.elf.dir/Core/Src/gpio.c.obj
 .debug_aranges
                0x00000040       0x30 CMakeFiles/astra.elf.dir/Core/Src/main.c.obj
 .debug_aranges
                0x00000070       0x30 CMakeFiles/astra.elf.dir/Core/Src/spi.c.obj
 .debug_aranges
                0x000000a0       0x20 CMakeFiles/astra.elf.dir/Core/Src/stm32f1xx_hal_msp.c.obj
 .debug_aranges
                0x000000c0       0x70 CMakeFiles/astra.elf.dir/Core/Src/stm32f1xx_it.c.obj
 .debug_aranges
                0x00000130       0x28 CMakeFiles/astra.elf.dir/Core/Src/system_stm32f1xx.c.obj
 .debug_aranges
                0x00000158       0xe0 CMakeFiles/astra.elf.dir/Drivers/STM32F1xx_HAL_Driver/Src/stm32f1xx_hal.c.obj
 .debug_aranges
                0x00000238       0xc0 CMakeFiles/astra.elf.dir/Drivers/STM32F1xx_HAL_Driver/Src/stm32f1xx_hal_cortex.c.obj
 .debug_aranges
                0x000002f8       0x80 CMakeFiles/astra.elf.dir/Drivers/STM32F1xx_HAL_Driver/Src/stm32f1xx_hal_dma.c.obj
 .debug_aranges
                0x00000378       0x58 CMakeFiles/astra.elf.dir/Drivers/STM32F1xx_HAL_Driver/Src/stm32f1xx_hal_gpio.c.obj
 .debug_aranges
                0x000003d0       0x90 CMakeFiles/astra.elf.dir/Drivers/STM32F1xx_HAL_Driver/Src/stm32f1xx_hal_rcc.c.obj
 .debug_aranges
                0x00000460      0x1d0 CMakeFiles/astra.elf.dir/Drivers/STM32F1xx_HAL_Driver/Src/stm32f1xx_hal_spi.c.obj
 .debug_aranges
                0x00000630       0x28 CMakeFiles/astra.elf.dir/startup/startup_stm32f103xb.s.obj

.debug_rnglists
                0x00000000      0x4ab
 .debug_rnglists
                0x00000000       0x13 CMakeFiles/astra.elf.dir/Core/Src/dma.c.obj
 .debug_rnglists
                0x00000013       0x14 CMakeFiles/astra.elf.dir/Core/Src/gpio.c.obj
 .debug_rnglists
                0x00000027       0x1f CMakeFiles/astra.elf.dir/Core/Src/main.c.obj
 .debug_rnglists
                0x00000046       0x20 CMakeFiles/astra.elf.dir/Core/Src/spi.c.obj
 .debug_rnglists
                0x00000066       0x13 CMakeFiles/astra.elf.dir/Core/Src/stm32f1xx_hal_msp.c.obj
 .debug_rnglists
                0x00000079       0x4f CMakeFiles/astra.elf.dir/Core/Src/stm32f1xx_it.c.obj
 .debug_rnglists
                0x000000c8       0x1a CMakeFiles/astra.elf.dir/Core/Src/system_stm32f1xx.c.obj
 .debug_rnglists
                0x000000e2       0xa3 CMakeFiles/astra.elf.dir/Drivers/STM32F1xx_HAL_Driver/Src/stm32f1xx_hal.c.obj
 .debug_rnglists
                0x00000185       0x8b CMakeFiles/astra.elf.dir/Drivers/STM32F1xx_HAL_Driver/Src/stm32f1xx_hal_cortex.c.obj
 .debug_rnglists
                0x00000210       0x5e CMakeFiles/astra.elf.dir/Drivers/STM32F1xx_HAL_Driver/Src/stm32f1xx_hal_dma.c.obj
 .debug_rnglists
                0x0000026e       0x3f CMakeFiles/astra.elf.dir/Drivers/STM32F1xx_HAL_Driver/Src/stm32f1xx_hal_gpio.c.obj
 .debug_rnglists
                0x000002ad       0x7d CMakeFiles/astra.elf.dir/Drivers/STM32F1xx_HAL_Driver/Src/stm32f1xx_hal_rcc.c.obj
 .debug_rnglists
                0x0000032a      0x168 CMakeFiles/astra.elf.dir/Drivers/STM32F1xx_HAL_Driver/Src/stm32f1xx_hal_spi.c.obj
 .debug_rnglists
                0x00000492       0x19 CMakeFiles/astra.elf.dir/startup/startup_stm32f103xb.s.obj

.debug_line     0x00000000     0x6279
 .debug_line    0x00000000      0x1f3 CMakeFiles/astra.elf.dir/Core/Src/dma.c.obj
 .debug_line    0x000001f3      0x261 CMakeFiles/astra.elf.dir/Core/Src/gpio.c.obj
 .debug_line    0x00000454      0x33f CMakeFiles/astra.elf.dir/Core/Src/main.c.obj
 .debug_line    0x00000793      0x3cb CMakeFiles/astra.elf.dir/Core/Src/spi.c.obj
 .debug_line    0x00000b5e      0x1be CMakeFiles/astra.elf.dir/Core/Src/stm32f1xx_hal_msp.c.obj
 .debug_line    0x00000d1c      0x358 CMakeFiles/astra.elf.dir/Core/Src/stm32f1xx_it.c.obj
 .debug_line    0x00001074      0x288 CMakeFiles/astra.elf.dir/Core/Src/system_stm32f1xx.c.obj
 .debug_line    0x000012fc      0x594 CMakeFiles/astra.elf.dir/Drivers/STM32F1xx_HAL_Driver/Src/stm32f1xx_hal.c.obj
 .debug_line    0x00001890      0x725 CMakeFiles/astra.elf.dir/Drivers/STM32F1xx_HAL_Driver/Src/stm32f1xx_hal_cortex.c.obj
 .debug_line    0x00001fb5      0xaae CMakeFiles/astra.elf.dir/Drivers/STM32F1xx_HAL_Driver/Src/stm32f1xx_hal_dma.c.obj
 .debug_line    0x00002a63      0x5ff CMakeFiles/astra.elf.dir/Drivers/STM32F1xx_HAL_Driver/Src/stm32f1xx_hal_gpio.c.obj
 .debug_line    0x00003062      0xc6a CMakeFiles/astra.elf.dir/Drivers/STM32F1xx_HAL_Driver/Src/stm32f1xx_hal_rcc.c.obj
 .debug_line    0x00003ccc     0x2535 CMakeFiles/astra.elf.dir/Drivers/STM32F1xx_HAL_Driver/Src/stm32f1xx_hal_spi.c.obj
 .debug_line    0x00006201       0x78 CMakeFiles/astra.elf.dir/startup/startup_stm32f103xb.s.obj

.debug_str      0x00000000     0x1ee3
 .debug_str     0x00000000      0x4ba CMakeFiles/astra.elf.dir/Core/Src/dma.c.obj
                                0x4fc (size before relaxing)
 .debug_str     0x000004ba       0xc7 CMakeFiles/astra.elf.dir/Core/Src/gpio.c.obj
                                0x29d (size before relaxing)
 .debug_str     0x00000581      0x1eb CMakeFiles/astra.elf.dir/Core/Src/main.c.obj
                                0x38d (size before relaxing)
 .debug_str     0x0000076c      0x41b CMakeFiles/astra.elf.dir/Core/Src/spi.c.obj
                                0x9f3 (size before relaxing)
 .debug_str     0x00000b87       0x69 CMakeFiles/astra.elf.dir/Core/Src/stm32f1xx_hal_msp.c.obj
                                0x231 (size before relaxing)
 .debug_str     0x00000bf0      0x115 CMakeFiles/astra.elf.dir/Core/Src/stm32f1xx_it.c.obj
                                0x67d (size before relaxing)
 .debug_str     0x00000d05       0x8d CMakeFiles/astra.elf.dir/Core/Src/system_stm32f1xx.c.obj
                                0x266 (size before relaxing)
 .debug_str     0x00000d92      0x301 CMakeFiles/astra.elf.dir/Drivers/STM32F1xx_HAL_Driver/Src/stm32f1xx_hal.c.obj
                                0x840 (size before relaxing)
 .debug_str     0x00001093      0x3a3 CMakeFiles/astra.elf.dir/Drivers/STM32F1xx_HAL_Driver/Src/stm32f1xx_hal_cortex.c.obj
                                0x8e5 (size before relaxing)
 .debug_str     0x00001436      0x224 CMakeFiles/astra.elf.dir/Drivers/STM32F1xx_HAL_Driver/Src/stm32f1xx_hal_dma.c.obj
                                0x60f (size before relaxing)
 .debug_str     0x0000165a      0x116 CMakeFiles/astra.elf.dir/Drivers/STM32F1xx_HAL_Driver/Src/stm32f1xx_hal_gpio.c.obj
                                0x412 (size before relaxing)
 .debug_str     0x00001770      0x203 CMakeFiles/astra.elf.dir/Drivers/STM32F1xx_HAL_Driver/Src/stm32f1xx_hal_rcc.c.obj
                                0x63d (size before relaxing)
 .debug_str     0x00001973      0x524 CMakeFiles/astra.elf.dir/Drivers/STM32F1xx_HAL_Driver/Src/stm32f1xx_hal_spi.c.obj
                                0xb79 (size before relaxing)
 .debug_str     0x00001e97       0x4c CMakeFiles/astra.elf.dir/startup/startup_stm32f103xb.s.obj
                                 0x70 (size before relaxing)

.comment        0x00000000       0x45
 .comment       0x00000000       0x45 CMakeFiles/astra.elf.dir/Core/Src/dma.c.obj
                                 0x46 (size before relaxing)
 .comment       0x00000045       0x46 CMakeFiles/astra.elf.dir/Core/Src/gpio.c.obj
 .comment       0x00000045       0x46 CMakeFiles/astra.elf.dir/Core/Src/main.c.obj
 .comment       0x00000045       0x46 CMakeFiles/astra.elf.dir/Core/Src/spi.c.obj
 .comment       0x00000045       0x46 CMakeFiles/astra.elf.dir/Core/Src/stm32f1xx_hal_msp.c.obj
 .comment       0x00000045       0x46 CMakeFiles/astra.elf.dir/Core/Src/stm32f1xx_it.c.obj
 .comment       0x00000045       0x46 CMakeFiles/astra.elf.dir/Core/Src/system_stm32f1xx.c.obj
 .comment       0x00000045       0x46 CMakeFiles/astra.elf.dir/Drivers/STM32F1xx_HAL_Driver/Src/stm32f1xx_hal.c.obj
 .comment       0x00000045       0x46 CMakeFiles/astra.elf.dir/Drivers/STM32F1xx_HAL_Driver/Src/stm32f1xx_hal_cortex.c.obj
 .comment       0x00000045       0x46 CMakeFiles/astra.elf.dir/Drivers/STM32F1xx_HAL_Driver/Src/stm32f1xx_hal_dma.c.obj
 .comment       0x00000045       0x46 CMakeFiles/astra.elf.dir/Drivers/STM32F1xx_HAL_Driver/Src/stm32f1xx_hal_gpio.c.obj
 .comment       0x00000045       0x46 CMakeFiles/astra.elf.dir/Drivers/STM32F1xx_HAL_Driver/Src/stm32f1xx_hal_rcc.c.obj
 .comment       0x00000045       0x46 CMakeFiles/astra.elf.dir/Drivers/STM32F1xx_HAL_Driver/Src/stm32f1xx_hal_spi.c.obj

.debug_frame    0x00000000     0x10f4
 .debug_frame   0x00000000       0x2c CMakeFiles/astra.elf.dir/Core/Src/dma.c.obj
 .debug_frame   0x0000002c       0x34 CMakeFiles/astra.elf.dir/Core/Src/gpio.c.obj
 .debug_frame   0x00000060       0x58 CMakeFiles/astra.elf.dir/Core/Src/main.c.obj
 .debug_frame   0x000000b8       0x60 CMakeFiles/astra.elf.dir/Core/Src/spi.c.obj
 .debug_frame   0x00000118       0x28 CMakeFiles/astra.elf.dir/Core/Src/stm32f1xx_hal_msp.c.obj
 .debug_frame   0x00000140       0xd8 CMakeFiles/astra.elf.dir/Core/Src/stm32f1xx_it.c.obj
 .debug_frame   0x00000218       0x30 CMakeFiles/astra.elf.dir/Core/Src/system_stm32f1xx.c.obj
 .debug_frame   0x00000248      0x1cc CMakeFiles/astra.elf.dir/Drivers/STM32F1xx_HAL_Driver/Src/stm32f1xx_hal.c.obj
 .debug_frame   0x00000414      0x19c CMakeFiles/astra.elf.dir/Drivers/STM32F1xx_HAL_Driver/Src/stm32f1xx_hal_cortex.c.obj
 .debug_frame   0x000005b0      0x144 CMakeFiles/astra.elf.dir/Drivers/STM32F1xx_HAL_Driver/Src/stm32f1xx_hal_dma.c.obj
 .debug_frame   0x000006f4       0xe4 CMakeFiles/astra.elf.dir/Drivers/STM32F1xx_HAL_Driver/Src/stm32f1xx_hal_gpio.c.obj
 .debug_frame   0x000007d8      0x184 CMakeFiles/astra.elf.dir/Drivers/STM32F1xx_HAL_Driver/Src/stm32f1xx_hal_rcc.c.obj
 .debug_frame   0x0000095c      0x5ac CMakeFiles/astra.elf.dir/Drivers/STM32F1xx_HAL_Driver/Src/stm32f1xx_hal_spi.c.obj
 .debug_frame   0x00000f08       0x2c d:/stm32cubetoolchains/arm-gnu-toolchain-12.2.rel1-mingw-w64-i686-arm-none-eabi/bin/../lib/gcc/arm-none-eabi/12.2.1/thumb/v7-m/nofp\libg.a(libc_a-memset.o)
 .debug_frame   0x00000f34       0x2c d:/stm32cubetoolchains/arm-gnu-toolchain-12.2.rel1-mingw-w64-i686-arm-none-eabi/bin/../lib/gcc/arm-none-eabi/12.2.1/thumb/v7-m/nofp\libg.a(libc_a-init.o)
 .debug_frame   0x00000f60       0xb0 d:/stm32cubetoolchains/arm-gnu-toolchain-12.2.rel1-mingw-w64-i686-arm-none-eabi/bin/../lib/gcc/arm-none-eabi/12.2.1/thumb/v7-m/nofp\libg.a(libc_a-lock.o)
 .debug_frame   0x00001010       0x5c d:/stm32cubetoolchains/arm-gnu-toolchain-12.2.rel1-mingw-w64-i686-arm-none-eabi/bin/../lib/gcc/arm-none-eabi/12.2.1/thumb/v7-m/nofp\libg.a(libc_a-__call_atexit.o)
 .debug_frame   0x0000106c       0x20 d:/stm32cubetoolchains/arm-gnu-toolchain-12.2.rel1-mingw-w64-i686-arm-none-eabi/bin/../lib/gcc/arm-none-eabi/12.2.1/thumb/v7-m/nofp\libg.a(libc_a-atexit.o)
 .debug_frame   0x0000108c       0x34 d:/stm32cubetoolchains/arm-gnu-toolchain-12.2.rel1-mingw-w64-i686-arm-none-eabi/bin/../lib/gcc/arm-none-eabi/12.2.1/thumb/v7-m/nofp\libg.a(libc_a-fini.o)
 .debug_frame   0x000010c0       0x34 d:/stm32cubetoolchains/arm-gnu-toolchain-12.2.rel1-mingw-w64-i686-arm-none-eabi/bin/../lib/gcc/arm-none-eabi/12.2.1/thumb/v7-m/nofp\libg.a(libc_a-__atexit.o)

.debug_loclists
                0x00000000     0x2589
 .debug_loclists
                0x00000000       0x50 CMakeFiles/astra.elf.dir/Core/Src/spi.c.obj
 .debug_loclists
                0x00000050       0x17 CMakeFiles/astra.elf.dir/Core/Src/stm32f1xx_hal_msp.c.obj
 .debug_loclists
                0x00000067       0xa5 CMakeFiles/astra.elf.dir/Core/Src/system_stm32f1xx.c.obj
 .debug_loclists
                0x0000010c       0xc9 CMakeFiles/astra.elf.dir/Drivers/STM32F1xx_HAL_Driver/Src/stm32f1xx_hal.c.obj
 .debug_loclists
                0x000001d5      0x422 CMakeFiles/astra.elf.dir/Drivers/STM32F1xx_HAL_Driver/Src/stm32f1xx_hal_cortex.c.obj
 .debug_loclists
                0x000005f7      0x4c7 CMakeFiles/astra.elf.dir/Drivers/STM32F1xx_HAL_Driver/Src/stm32f1xx_hal_dma.c.obj
 .debug_loclists
                0x00000abe      0x2e8 CMakeFiles/astra.elf.dir/Drivers/STM32F1xx_HAL_Driver/Src/stm32f1xx_hal_gpio.c.obj
 .debug_loclists
                0x00000da6      0x3f8 CMakeFiles/astra.elf.dir/Drivers/STM32F1xx_HAL_Driver/Src/stm32f1xx_hal_rcc.c.obj
 .debug_loclists
                0x0000119e     0x13eb CMakeFiles/astra.elf.dir/Drivers/STM32F1xx_HAL_Driver/Src/stm32f1xx_hal_spi.c.obj

.debug_line_str
                0x00000000       0x54
 .debug_line_str
                0x00000000       0x54 CMakeFiles/astra.elf.dir/startup/startup_stm32f103xb.s.obj
